../Inc/STM32F103C6_Drivers/EXTI.c:15:6:Enable_NVIC	16	static
../Inc/STM32F103C6_Drivers/EXTI.c:56:6:Disable_NVIC	16	static
../Inc/STM32F103C6_Drivers/EXTI.c:99:6:Uptade_EXTI	24	static
../Inc/STM32F103C6_Drivers/EXTI.c:155:6:MCAL_EXTI_GPIO_DeInit	4	static
../Inc/STM32F103C6_Drivers/EXTI.c:185:6:MCAL_EXTI_GPIO_Init	16	static
../Inc/STM32F103C6_Drivers/EXTI.c:203:6:MCAL_EXTI_GPIO_Update	16	static
../Inc/STM32F103C6_Drivers/EXTI.c:215:6:EXTI0_IRQHandler	8	static
../Inc/STM32F103C6_Drivers/EXTI.c:219:6:EXTI1_IRQHandler	8	static
../Inc/STM32F103C6_Drivers/EXTI.c:224:6:EXTI2_IRQHandler	8	static
../Inc/STM32F103C6_Drivers/EXTI.c:228:6:EXTI3_IRQHandler	8	static
../Inc/STM32F103C6_Drivers/EXTI.c:232:6:EXTI4_IRQHandler	8	static
../Inc/STM32F103C6_Drivers/EXTI.c:236:6:EXTI9_5_IRQHandler	8	static
../Inc/STM32F103C6_Drivers/EXTI.c:245:6:EXTI15_10_IRQHandler	8	static
