../Inc/STM32F103C6_Drivers/LCD.c:12:6:delay	24	static
../Inc/STM32F103C6_Drivers/LCD.c:19:6:LCD_GPIO_init	16	static
../Inc/STM32F103C6_Drivers/LCD.c:65:6:LCD_init	8	static
../Inc/STM32F103C6_Drivers/LCD.c:97:6:LCD_Kick_Enable	8	static
../Inc/STM32F103C6_Drivers/LCD.c:104:6:LCD_send_command	16	static
../Inc/STM32F103C6_Drivers/LCD.c:141:6:LCD_send_character	16	static
../Inc/STM32F103C6_Drivers/LCD.c:180:6:LCD_send_string	24	static
../Inc/STM32F103C6_Drivers/LCD.c:196:6:LCD_Clear_Screen	8	static
../Inc/STM32F103C6_Drivers/LCD.c:208:6:LCD_set_cursor	16	static
../Inc/STM32F103C6_Drivers/LCD.c:222:6:LCD_send_Num	48	static
