../Inc/STM32F103C6_Drivers/TIM.c:9:6:Enable_NVIC_TIM	24	static
../Inc/STM32F103C6_Drivers/TIM.c:21:6:Disable_NVIC_TIM	24	static
../Inc/STM32F103C6_Drivers/TIM.c:39:6:TIM1_UP_IRQHandler	8	static
../Inc/STM32F103C6_Drivers/TIM.c:43:6:TIM2_IRQHandler	8	static
../Inc/STM32F103C6_Drivers/TIM.c:46:6:TIM3_IRQHandler	8	static
../Inc/STM32F103C6_Drivers/TIM.c:49:6:TIM4_IRQHandler	8	static
../Inc/STM32F103C6_Drivers/TIM.c:53:8:get_timer	24	static
../Inc/STM32F103C6_Drivers/TIM.c:82:8:T_Start_micros	24	static
../Inc/STM32F103C6_Drivers/TIM.c:111:8:T_Start_millis	24	static
../Inc/STM32F103C6_Drivers/TIM.c:137:10:Tget_time_micros	24	static
../Inc/STM32F103C6_Drivers/TIM.c:155:10:Tget_time_millis	24	static
../Inc/STM32F103C6_Drivers/TIM.c:172:6:TDelay_Micro	24	static
../Inc/STM32F103C6_Drivers/TIM.c:193:6:TDelay_Milli	24	static
../Inc/STM32F103C6_Drivers/TIM.c:213:6:TDelay_Micros	16	static
../Inc/STM32F103C6_Drivers/TIM.c:228:6:TDelay_Millis	16	static
../Inc/STM32F103C6_Drivers/TIM.c:245:6:T_irq_micro_start	32	static
../Inc/STM32F103C6_Drivers/TIM.c:265:6:T_irq_millis_start	32	static
../Inc/STM32F103C6_Drivers/TIM.c:283:6:TClear_irq_Flag	24	static
../Inc/STM32F103C6_Drivers/TIM.c:299:6:T_irq_stop	24	static
../Inc/STM32F103C6_Drivers/TIM.c:316:6:T_Stop_Timer	24	static
