Archive member included to satisfy reference by file (symbol)

C:/ST/STM32CubeIDE_1.14.1/STM32CubeIDE/plugins/com.st.stm32cube.ide.mcu.externaltools.gnu-tools-for-stm32.11.3.rel1.win32_1.1.100.202309141235/tools/bin/../lib/gcc/arm-none-eabi/11.3.1/../../../../arm-none-eabi/lib/thumb/v7-m/nofp\libc_nano.a(libc_a-exit.o)
                              C:/ST/STM32CubeIDE_1.14.1/STM32CubeIDE/plugins/com.st.stm32cube.ide.mcu.externaltools.gnu-tools-for-stm32.11.3.rel1.win32_1.1.100.202309141235/tools/bin/../lib/gcc/arm-none-eabi/11.3.1/../../../../arm-none-eabi/lib/thumb/v7-m/nofp/crt0.o (exit)
C:/ST/STM32CubeIDE_1.14.1/STM32CubeIDE/plugins/com.st.stm32cube.ide.mcu.externaltools.gnu-tools-for-stm32.11.3.rel1.win32_1.1.100.202309141235/tools/bin/../lib/gcc/arm-none-eabi/11.3.1/../../../../arm-none-eabi/lib/thumb/v7-m/nofp\libc_nano.a(libc_a-findfp.o)
                              C:/ST/STM32CubeIDE_1.14.1/STM32CubeIDE/plugins/com.st.stm32cube.ide.mcu.externaltools.gnu-tools-for-stm32.11.3.rel1.win32_1.1.100.202309141235/tools/bin/../lib/gcc/arm-none-eabi/11.3.1/../../../../arm-none-eabi/lib/thumb/v7-m/nofp\libc_nano.a(libc_a-exit.o) (__stdio_exit_handler)
C:/ST/STM32CubeIDE_1.14.1/STM32CubeIDE/plugins/com.st.stm32cube.ide.mcu.externaltools.gnu-tools-for-stm32.11.3.rel1.win32_1.1.100.202309141235/tools/bin/../lib/gcc/arm-none-eabi/11.3.1/../../../../arm-none-eabi/lib/thumb/v7-m/nofp\libc_nano.a(libc_a-fwalk.o)
                              C:/ST/STM32CubeIDE_1.14.1/STM32CubeIDE/plugins/com.st.stm32cube.ide.mcu.externaltools.gnu-tools-for-stm32.11.3.rel1.win32_1.1.100.202309141235/tools/bin/../lib/gcc/arm-none-eabi/11.3.1/../../../../arm-none-eabi/lib/thumb/v7-m/nofp\libc_nano.a(libc_a-findfp.o) (_fwalk_sglue)
C:/ST/STM32CubeIDE_1.14.1/STM32CubeIDE/plugins/com.st.stm32cube.ide.mcu.externaltools.gnu-tools-for-stm32.11.3.rel1.win32_1.1.100.202309141235/tools/bin/../lib/gcc/arm-none-eabi/11.3.1/../../../../arm-none-eabi/lib/thumb/v7-m/nofp\libc_nano.a(libc_a-sprintf.o)
                              ./Inc/STM32F103C6_Drivers/LCD.o (sprintf)
C:/ST/STM32CubeIDE_1.14.1/STM32CubeIDE/plugins/com.st.stm32cube.ide.mcu.externaltools.gnu-tools-for-stm32.11.3.rel1.win32_1.1.100.202309141235/tools/bin/../lib/gcc/arm-none-eabi/11.3.1/../../../../arm-none-eabi/lib/thumb/v7-m/nofp\libc_nano.a(libc_a-stdio.o)
                              C:/ST/STM32CubeIDE_1.14.1/STM32CubeIDE/plugins/com.st.stm32cube.ide.mcu.externaltools.gnu-tools-for-stm32.11.3.rel1.win32_1.1.100.202309141235/tools/bin/../lib/gcc/arm-none-eabi/11.3.1/../../../../arm-none-eabi/lib/thumb/v7-m/nofp\libc_nano.a(libc_a-findfp.o) (__sread)
C:/ST/STM32CubeIDE_1.14.1/STM32CubeIDE/plugins/com.st.stm32cube.ide.mcu.externaltools.gnu-tools-for-stm32.11.3.rel1.win32_1.1.100.202309141235/tools/bin/../lib/gcc/arm-none-eabi/11.3.1/../../../../arm-none-eabi/lib/thumb/v7-m/nofp\libc_nano.a(libc_a-memset.o)
                              C:/ST/STM32CubeIDE_1.14.1/STM32CubeIDE/plugins/com.st.stm32cube.ide.mcu.externaltools.gnu-tools-for-stm32.11.3.rel1.win32_1.1.100.202309141235/tools/bin/../lib/gcc/arm-none-eabi/11.3.1/../../../../arm-none-eabi/lib/thumb/v7-m/nofp/crt0.o (memset)
C:/ST/STM32CubeIDE_1.14.1/STM32CubeIDE/plugins/com.st.stm32cube.ide.mcu.externaltools.gnu-tools-for-stm32.11.3.rel1.win32_1.1.100.202309141235/tools/bin/../lib/gcc/arm-none-eabi/11.3.1/../../../../arm-none-eabi/lib/thumb/v7-m/nofp\libc_nano.a(libc_a-closer.o)
                              C:/ST/STM32CubeIDE_1.14.1/STM32CubeIDE/plugins/com.st.stm32cube.ide.mcu.externaltools.gnu-tools-for-stm32.11.3.rel1.win32_1.1.100.202309141235/tools/bin/../lib/gcc/arm-none-eabi/11.3.1/../../../../arm-none-eabi/lib/thumb/v7-m/nofp\libc_nano.a(libc_a-stdio.o) (_close_r)
C:/ST/STM32CubeIDE_1.14.1/STM32CubeIDE/plugins/com.st.stm32cube.ide.mcu.externaltools.gnu-tools-for-stm32.11.3.rel1.win32_1.1.100.202309141235/tools/bin/../lib/gcc/arm-none-eabi/11.3.1/../../../../arm-none-eabi/lib/thumb/v7-m/nofp\libc_nano.a(libc_a-reent.o)
                              C:/ST/STM32CubeIDE_1.14.1/STM32CubeIDE/plugins/com.st.stm32cube.ide.mcu.externaltools.gnu-tools-for-stm32.11.3.rel1.win32_1.1.100.202309141235/tools/bin/../lib/gcc/arm-none-eabi/11.3.1/../../../../arm-none-eabi/lib/thumb/v7-m/nofp\libc_nano.a(libc_a-closer.o) (errno)
C:/ST/STM32CubeIDE_1.14.1/STM32CubeIDE/plugins/com.st.stm32cube.ide.mcu.externaltools.gnu-tools-for-stm32.11.3.rel1.win32_1.1.100.202309141235/tools/bin/../lib/gcc/arm-none-eabi/11.3.1/../../../../arm-none-eabi/lib/thumb/v7-m/nofp\libc_nano.a(libc_a-impure.o)
                              C:/ST/STM32CubeIDE_1.14.1/STM32CubeIDE/plugins/com.st.stm32cube.ide.mcu.externaltools.gnu-tools-for-stm32.11.3.rel1.win32_1.1.100.202309141235/tools/bin/../lib/gcc/arm-none-eabi/11.3.1/../../../../arm-none-eabi/lib/thumb/v7-m/nofp\libc_nano.a(libc_a-sprintf.o) (_impure_ptr)
[...]
Memory Configuration

Name             Origin             Length             Attributes
RAM              0x0000000020000000 0x0000000000005000 xrw
FLASH            0x0000000008000000 0x0000000000010000 xr
*default*        0x0000000000000000 0xffffffffffffffff

Linker script and memory map

LOAD C:/ST/STM32CubeIDE_1.14.1/STM32CubeIDE/plugins/com.st.stm32cube.ide.mcu.externaltools.gnu-tools-for-stm32.11.3.rel1.win32_1.1.100.202309141235/tools/bin/../lib/gcc/arm-none-eabi/11.3.1/thumb/v7-m/nofp/crti.o
LOAD C:/ST/STM32CubeIDE_1.14.1/STM32CubeIDE/plugins/com.st.stm32cube.ide.mcu.externaltools.gnu-tools-for-stm32.11.3.rel1.win32_1.1.100.202309141235/tools/bin/../lib/gcc/arm-none-eabi/11.3.1/thumb/v7-m/nofp/crtbegin.o
LOAD C:/ST/STM32CubeIDE_1.14.1/STM32CubeIDE/plugins/com.st.stm32cube.ide.mcu.externaltools.gnu-tools-for-stm32.11.3.rel1.win32_1.1.100.202309141235/tools/bin/../lib/gcc/arm-none-eabi/11.3.1/../../../../arm-none-eabi/lib/thumb/v7-m/nofp/crt0.o
LOAD ./Inc/STM32F103C6_Drivers/EXTI.o
LOAD ./Inc/STM32F103C6_Drivers/GPIO.o
LOAD ./Inc/STM32F103C6_Drivers/LCD.o
LOAD ./Inc/STM32F103C6_Drivers/PWM.o
LOAD ./Inc/STM32F103C6_Drivers/Servo.o
LOAD ./Inc/STM32F103C6_Drivers/TIM.o
LOAD ./Inc/STM32F103C6_Drivers/UltraSonic.o
LOAD ./Inc/STM32F103C6_Drivers/dcmotor.o
LOAD ./Src/main.o
LOAD ./Src/syscalls.o
LOAD ./Src/sysmem.o
LOAD ./Startup/startup_stm32f103c8tx.o
START GROUP
LOAD C:/ST/STM32CubeIDE_1.14.1/STM32CubeIDE/plugins/com.st.stm32cube.ide.mcu.externaltools.gnu-tools-for-stm32.11.3.rel1.win32_1.1.100.202309141235/tools/bin/../lib/gcc/arm-none-eabi/11.3.1/../../../../arm-none-eabi/lib/thumb/v7-m/nofp\libc_nano.a
LOAD C:/ST/STM32CubeIDE_1.14.1/STM32CubeIDE/plugins/com.st.stm32cube.ide.mcu.externaltools.gnu-tools-for-stm32.11.3.rel1.win32_1.1.100.202309141235/tools/bin/../lib/gcc/arm-none-eabi/11.3.1/../../../../arm-none-eabi/lib/thumb/v7-m/nofp\libm.a
END GROUP
START GROUP
LOAD C:/ST/STM32CubeIDE_1.14.1/STM32CubeIDE/plugins/com.st.stm32cube.ide.mcu.externaltools.gnu-tools-for-stm32.11.3.rel1.win32_1.1.100.202309141235/tools/bin/../lib/gcc/arm-none-eabi/11.3.1/thumb/v7-m/nofp\libgcc.a
LOAD C:/ST/STM32CubeIDE_1.14.1/STM32CubeIDE/plugins/com.st.stm32cube.ide.mcu.externaltools.gnu-tools-for-stm32.11.3.rel1.win32_1.1.100.202309141235/tools/bin/../lib/gcc/arm-none-eabi/11.3.1/../../../../arm-none-eabi/lib/thumb/v7-m/nofp\libg_nano.a
LOAD C:/ST/STM32CubeIDE_1.14.1/STM32CubeIDE/plugins/com.st.stm32cube.ide.mcu.externaltools.gnu-tools-for-stm32.11.3.rel1.win32_1.1.100.202309141235/tools/bin/../lib/gcc/arm-none-eabi/11.3.1/../../../../arm-none-eabi/lib/thumb/v7-m/nofp\libc_nano.a
END GROUP
START GROUP
LOAD C:/ST/STM32CubeIDE_1.14.1/STM32CubeIDE/plugins/com.st.stm32cube.ide.mcu.externaltools.gnu-tools-for-stm32.11.3.rel1.win32_1.1.100.202309141235/tools/bin/../lib/gcc/arm-none-eabi/11.3.1/thumb/v7-m/nofp\libgcc.a
LOAD C:/ST/STM32CubeIDE_1.14.1/STM32CubeIDE/plugins/com.st.stm32cube.ide.mcu.externaltools.gnu-tools-for-stm32.11.3.rel1.win32_1.1.100.202309141235/tools/bin/../lib/gcc/arm-none-eabi/11.3.1/../../../../arm-none-eabi/lib/thumb/v7-m/nofp\libc_nano.a
LOAD C:/ST/STM32CubeIDE_1.14.1/STM32CubeIDE/plugins/com.st.stm32cube.ide.mcu.externaltools.gnu-tools-for-stm32.11.3.rel1.win32_1.1.100.202309141235/tools/bin/../lib/gcc/arm-none-eabi/11.3.1/../../../../arm-none-eabi/lib/thumb/v7-m/nofp\libnosys.a
END GROUP
START GROUP
LOAD C:/ST/STM32CubeIDE_1.14.1/STM32CubeIDE/plugins/com.st.stm32cube.ide.mcu.externaltools.gnu-tools-for-stm32.11.3.rel1.win32_1.1.100.202309141235/tools/bin/../lib/gcc/arm-none-eabi/11.3.1/thumb/v7-m/nofp\libgcc.a
LOAD C:/ST/STM32CubeIDE_1.14.1/STM32CubeIDE/plugins/com.st.stm32cube.ide.mcu.externaltools.gnu-tools-for-stm32.11.3.rel1.win32_1.1.100.202309141235/tools/bin/../lib/gcc/arm-none-eabi/11.3.1/../../../../arm-none-eabi/lib/thumb/v7-m/nofp\libc_nano.a
LOAD C:/ST/STM32CubeIDE_1.14.1/STM32CubeIDE/plugins/com.st.stm32cube.ide.mcu.externaltools.gnu-tools-for-stm32.11.3.rel1.win32_1.1.100.202309141235/tools/bin/../lib/gcc/arm-none-eabi/11.3.1/../../../../arm-none-eabi/lib/thumb/v7-m/nofp\libnosys.a
END GROUP
LOAD C:/ST/STM32CubeIDE_1.14.1/STM32CubeIDE/plugins/com.st.stm32cube.ide.mcu.externaltools.gnu-tools-for-stm32.11.3.rel1.win32_1.1.100.202309141235/tools/bin/../lib/gcc/arm-none-eabi/11.3.1/thumb/v7-m/nofp/crtend.o
LOAD C:/ST/STM32CubeIDE_1.14.1/STM32CubeIDE/plugins/com.st.stm32cube.ide.mcu.externaltools.gnu-tools-for-stm32.11.3.rel1.win32_1.1.100.202309141235/tools/bin/../lib/gcc/arm-none-eabi/11.3.1/thumb/v7-m/nofp/crtn.o
                0x0000000020005000                _estack = (ORIGIN (RAM) + LENGTH (RAM))
                0x0000000000000200                _Min_Heap_Size = 0x200
                0x0000000000000400                _Min_Stack_Size = 0x400

.isr_vector     0x0000000008000000      0x130
                0x0000000008000000                . = ALIGN (0x4)
 *(.isr_vector)
 .isr_vector    0x0000000008000000      0x130 ./Startup/startup_stm32f103c8tx.o
                0x0000000008000000                g_pfnVectors
                0x0000000008000130                . = ALIGN (0x4)

.text           0x0000000008000130      0x540
                0x0000000008000130                . = ALIGN (0x4)
 *(.text)
 .text          0x0000000008000130       0x40 C:/ST/STM32CubeIDE_1.14.1/STM32CubeIDE/plugins/com.st.stm32cube.ide.mcu.externaltools.gnu-tools-for-stm32.11.3.rel1.win32_1.1.100.202309141235/tools/bin/../lib/gcc/arm-none-eabi/11.3.1/thumb/v7-m/nofp/crtbegin.o
 *(.text*)
 .text.EXTI0_IRQHandler
                0x0000000008000170       0x24 ./Inc/STM32F103C6_Drivers/EXTI.o
                0x0000000008000170                EXTI0_IRQHandler
 .text.EXTI1_IRQHandler
                0x0000000008000194       0x24 ./Inc/STM32F103C6_Drivers/EXTI.o
                0x0000000008000194                EXTI1_IRQHandler
 .text.EXTI2_IRQHandler
                0x00000000080001b8       0x24 ./Inc/STM32F103C6_Drivers/EXTI.o
                0x00000000080001b8                EXTI2_IRQHandler
 .text.EXTI3_IRQHandler
                0x00000000080001dc       0x24 ./Inc/STM32F103C6_Drivers/EXTI.o
                0x00000000080001dc                EXTI3_IRQHandler
 .text.EXTI4_IRQHandler
                0x0000000008000200       0x24 ./Inc/STM32F103C6_Drivers/EXTI.o
                0x0000000008000200                EXTI4_IRQHandler
 .text.EXTI9_5_IRQHandler
                0x0000000008000224       0xa8 ./Inc/STM32F103C6_Drivers/EXTI.o
                0x0000000008000224                EXTI9_5_IRQHandler
 .text.EXTI15_10_IRQHandler
                0x00000000080002cc       0xc4 ./Inc/STM32F103C6_Drivers/EXTI.o
                0x00000000080002cc                EXTI15_10_IRQHandler
 .text.MCAL_GPIO_TogglePin
                0x0000000008000390       0x22 ./Inc/STM32F103C6_Drivers/GPIO.o
                0x0000000008000390                MCAL_GPIO_TogglePin
 *fill*         0x00000000080003b2        0x2 
 .text.TIM1_UP_IRQHandler
                0x00000000080003b4       0x14 ./Inc/STM32F103C6_Drivers/TIM.o
                0x00000000080003b4                TIM1_UP_IRQHandler
 .text.TIM2_IRQHandler
                0x00000000080003c8       0x14 ./Inc/STM32F103C6_Drivers/TIM.o
                0x00000000080003c8                TIM2_IRQHandler
 .text.TIM3_IRQHandler
                0x00000000080003dc       0x14 ./Inc/STM32F103C6_Drivers/TIM.o
                0x00000000080003dc                TIM3_IRQHandler
 .text.TIM4_IRQHandler
                0x00000000080003f0       0x14 ./Inc/STM32F103C6_Drivers/TIM.o
                0x00000000080003f0                TIM4_IRQHandler
 .text.get_timer
                0x0000000008000404       0xa0 ./Inc/STM32F103C6_Drivers/TIM.o
                0x0000000008000404                get_timer
 .text.T_Start_micros
                0x00000000080004a4       0x42 ./Inc/STM32F103C6_Drivers/TIM.o
                0x00000000080004a4                T_Start_micros
 .text.TDelay_Micro
                0x00000000080004e6       0x3c ./Inc/STM32F103C6_Drivers/TIM.o
                0x00000000080004e6                TDelay_Micro
 .text.TDelay_Milli
                0x0000000008000522       0x3c ./Inc/STM32F103C6_Drivers/TIM.o
                0x0000000008000522                TDelay_Milli
 *fill*         0x000000000800055e        0x2 
 .text.main     0x0000000008000560       0x34 ./Src/main.o
                0x0000000008000560                main
 .text.Clk_init
                0x0000000008000594       0x28 ./Src/main.o
                0x0000000008000594                Clk_init
 .text.Reset_Handler
                0x00000000080005bc       0x50 ./Startup/startup_stm32f103c8tx.o
                0x00000000080005bc                Reset_Handler
 .text.Default_Handler
                0x000000000800060c        0x2 ./Startup/startup_stm32f103c8tx.o
                0x000000000800060c                TIM8_TRG_COM_IRQHandler
                0x000000000800060c                TIM8_CC_IRQHandler
                0x000000000800060c                DebugMon_Handler
                0x000000000800060c                TIM1_CC_IRQHandler
                0x000000000800060c                HardFault_Handler
                0x000000000800060c                TIM6_IRQHandler
                0x000000000800060c                SysTick_Handler
                0x000000000800060c                PVD_IRQHandler
                0x000000000800060c                SDIO_IRQHandler
                0x000000000800060c                PendSV_Handler
                0x000000000800060c                NMI_Handler
                0x000000000800060c                USB_HP_CAN_TX_IRQHandler
                0x000000000800060c                I2C2_EV_IRQHandler
                0x000000000800060c                UsageFault_Handler
                0x000000000800060c                ADC1_2_IRQHandler
                0x000000000800060c                SPI1_IRQHandler
                0x000000000800060c                CAN_SCE_IRQHandler
                0x000000000800060c                TAMPER_IRQHandler
                0x000000000800060c                TIM8_UP_IRQHandler
                0x000000000800060c                DMA2_Channel2_IRQHandler
                0x000000000800060c                DMA1_Channel4_IRQHandler
                0x000000000800060c                USART3_IRQHandler
                0x000000000800060c                RTC_IRQHandler
                0x000000000800060c                DMA1_Channel7_IRQHandler
                0x000000000800060c                UART5_IRQHandler
                0x000000000800060c                ADC3_IRQHandler
                0x000000000800060c                CAN_RX1_IRQHandler
                0x000000000800060c                DMA2_Channel1_IRQHandler
                0x000000000800060c                I2C1_EV_IRQHandler
                0x000000000800060c                DMA1_Channel6_IRQHandler
                0x000000000800060c                UART4_IRQHandler
                0x000000000800060c                RCC_IRQHandler
                0x000000000800060c                TIM1_TRG_COM_IRQHandler
                0x000000000800060c                DMA1_Channel1_IRQHandler
                0x000000000800060c                Default_Handler
                0x000000000800060c                TIM7_IRQHandler
                0x000000000800060c                TIM5_IRQHandler
                0x000000000800060c                SPI2_IRQHandler
                0x000000000800060c                USB_LP_CAN_RX0_IRQHandler
                0x000000000800060c                MemManage_Handler
                0x000000000800060c                SVC_Handler
                0x000000000800060c                DMA1_Channel5_IRQHandler
                0x000000000800060c                DMA1_Channel3_IRQHandler
                0x000000000800060c                FSMC_IRQHandler
                0x000000000800060c                WWDG_IRQHandler
                0x000000000800060c                TIM1_BRK_IRQHandler
                0x000000000800060c                RTCAlarm_IRQHandler
                0x000000000800060c                DMA2_Channel4_5_IRQHandler
                0x000000000800060c                USART2_IRQHandler
                0x000000000800060c                I2C2_ER_IRQHandler
                0x000000000800060c                DMA1_Channel2_IRQHandler
                0x000000000800060c                TIM8_BRK_IRQHandler
                0x000000000800060c                FLASH_IRQHandler
                0x000000000800060c                BusFault_Handler
                0x000000000800060c                USART1_IRQHandler
                0x000000000800060c                SPI3_IRQHandler
                0x000000000800060c                I2C1_ER_IRQHandler
                0x000000000800060c                DMA2_Channel3_IRQHandler
 *fill*         0x000000000800060e        0x2 
 .text.__libc_init_array
                0x0000000008000610       0x48 C:/ST/STM32CubeIDE_1.14.1/STM32CubeIDE/plugins/com.st.stm32cube.ide.mcu.externaltools.gnu-tools-for-stm32.11.3.rel1.win32_1.1.100.202309141235/tools/bin/../lib/gcc/arm-none-eabi/11.3.1/../../../../arm-none-eabi/lib/thumb/v7-m/nofp\libc_nano.a(libc_a-init.o)
                0x0000000008000610                __libc_init_array
 *(.glue_7)
 .glue_7        0x0000000008000658        0x0 linker stubs
 *(.glue_7t)
 .glue_7t       0x0000000008000658        0x0 linker stubs
 *(.eh_frame)
 .eh_frame      0x0000000008000658        0x0 C:/ST/STM32CubeIDE_1.14.1/STM32CubeIDE/plugins/com.st.stm32cube.ide.mcu.externaltools.gnu-tools-for-stm32.11.3.rel1.win32_1.1.100.202309141235/tools/bin/../lib/gcc/arm-none-eabi/11.3.1/thumb/v7-m/nofp/crtbegin.o
 *(.init)
 .init          0x0000000008000658        0x4 C:/ST/STM32CubeIDE_1.14.1/STM32CubeIDE/plugins/com.st.stm32cube.ide.mcu.externaltools.gnu-tools-for-stm32.11.3.rel1.win32_1.1.100.202309141235/tools/bin/../lib/gcc/arm-none-eabi/11.3.1/thumb/v7-m/nofp/crti.o
                0x0000000008000658                _init
 .init          0x000000000800065c        0x8 C:/ST/STM32CubeIDE_1.14.1/STM32CubeIDE/plugins/com.st.stm32cube.ide.mcu.externaltools.gnu-tools-for-stm32.11.3.rel1.win32_1.1.100.202309141235/tools/bin/../lib/gcc/arm-none-eabi/11.3.1/thumb/v7-m/nofp/crtn.o
 *(.fini)
 .fini          0x0000000008000664        0x4 C:/ST/STM32CubeIDE_1.14.1/STM32CubeIDE/plugins/com.st.stm32cube.ide.mcu.externaltools.gnu-tools-for-stm32.11.3.rel1.win32_1.1.100.202309141235/tools/bin/../lib/gcc/arm-none-eabi/11.3.1/thumb/v7-m/nofp/crti.o
                0x0000000008000664                _fini
 .fini          0x0000000008000668        0x8 C:/ST/STM32CubeIDE_1.14.1/STM32CubeIDE/plugins/com.st.stm32cube.ide.mcu.externaltools.gnu-tools-for-stm32.11.3.rel1.win32_1.1.100.202309141235/tools/bin/../lib/gcc/arm-none-eabi/11.3.1/thumb/v7-m/nofp/crtn.o
                0x0000000008000670                . = ALIGN (0x4)
                0x0000000008000670                _etext = .

.vfp11_veneer   0x0000000008000670        0x0
 .vfp11_veneer  0x0000000008000670        0x0 linker stubs

.v4_bx          0x0000000008000670        0x0
 .v4_bx         0x0000000008000670        0x0 linker stubs

.iplt           0x0000000008000670        0x0
 .iplt          0x0000000008000670        0x0 C:/ST/STM32CubeIDE_1.14.1/STM32CubeIDE/plugins/com.st.stm32cube.ide.mcu.externaltools.gnu-tools-for-stm32.11.3.rel1.win32_1.1.100.202309141235/tools/bin/../lib/gcc/arm-none-eabi/11.3.1/thumb/v7-m/nofp/crtbegin.o

.rel.dyn        0x0000000008000670        0x0
 .rel.iplt      0x0000000008000670        0x0 C:/ST/STM32CubeIDE_1.14.1/STM32CubeIDE/plugins/com.st.stm32cube.ide.mcu.externaltools.gnu-tools-for-stm32.11.3.rel1.win32_1.1.100.202309141235/tools/bin/../lib/gcc/arm-none-eabi/11.3.1/thumb/v7-m/nofp/crtbegin.o

.rodata         0x0000000008000670        0x0
                0x0000000008000670                . = ALIGN (0x4)
 *(.rodata)
 *(.rodata*)
                0x0000000008000670                . = ALIGN (0x4)

.ARM.extab      0x0000000008000670        0x0
                0x0000000008000670                . = ALIGN (0x4)
 *(.ARM.extab* .gnu.linkonce.armextab.*)
                0x0000000008000670                . = ALIGN (0x4)

.ARM            0x0000000008000670        0x0
                0x0000000008000670                . = ALIGN (0x4)
                0x0000000008000670                __exidx_start = .
 *(.ARM.exidx*)
                0x0000000008000670                __exidx_end = .
                0x0000000008000670                . = ALIGN (0x4)

.preinit_array  0x0000000008000670        0x0
                0x0000000008000670                . = ALIGN (0x4)
                0x0000000008000670                PROVIDE (__preinit_array_start = .)
 *(.preinit_array*)
                0x0000000008000670                PROVIDE (__preinit_array_end = .)
                0x0000000008000670                . = ALIGN (0x4)

.init_array     0x0000000008000670        0x4
                0x0000000008000670                . = ALIGN (0x4)
                0x0000000008000670                PROVIDE (__init_array_start = .)
 *(SORT_BY_NAME(.init_array.*))
 *(.init_array*)
 .init_array    0x0000000008000670        0x4 C:/ST/STM32CubeIDE_1.14.1/STM32CubeIDE/plugins/com.st.stm32cube.ide.mcu.externaltools.gnu-tools-for-stm32.11.3.rel1.win32_1.1.100.202309141235/tools/bin/../lib/gcc/arm-none-eabi/11.3.1/thumb/v7-m/nofp/crtbegin.o
                0x0000000008000674                PROVIDE (__init_array_end = .)
                0x0000000008000674                . = ALIGN (0x4)

.fini_array     0x0000000008000674        0x4
                0x0000000008000674                . = ALIGN (0x4)
                [!provide]                        PROVIDE (__fini_array_start = .)
 *(SORT_BY_NAME(.fini_array.*))
 *(.fini_array*)
 .fini_array    0x0000000008000674        0x4 C:/ST/STM32CubeIDE_1.14.1/STM32CubeIDE/plugins/com.st.stm32cube.ide.mcu.externaltools.gnu-tools-for-stm32.11.3.rel1.win32_1.1.100.202309141235/tools/bin/../lib/gcc/arm-none-eabi/11.3.1/thumb/v7-m/nofp/crtbegin.o
                [!provide]                        PROVIDE (__fini_array_end = .)
                0x0000000008000678                . = ALIGN (0x4)
                0x0000000008000678                _sidata = LOADADDR (.data)

.data           0x0000000020000000        0x0 load address 0x0000000008000678
                0x0000000020000000                . = ALIGN (0x4)
                0x0000000020000000                _sdata = .
 *(.data)
 *(.data*)
 *(.RamFunc)
 *(.RamFunc*)
                0x0000000020000000                . = ALIGN (0x4)
                0x0000000020000000                _edata = .

.igot.plt       0x0000000020000000        0x0 load address 0x0000000008000678
 .igot.plt      0x0000000020000000        0x0 C:/ST/STM32CubeIDE_1.14.1/STM32CubeIDE/plugins/com.st.stm32cube.ide.mcu.externaltools.gnu-tools-for-stm32.11.3.rel1.win32_1.1.100.202309141235/tools/bin/../lib/gcc/arm-none-eabi/11.3.1/thumb/v7-m/nofp/crtbegin.o
                0x0000000020000000                . = ALIGN (0x4)

.bss            0x0000000020000000       0x6c load address 0x0000000008000678
                0x0000000020000000                _sbss = .
                0x0000000020000000                __bss_start__ = _sbss
 *(.bss)
 .bss           0x0000000020000000       0x1c C:/ST/STM32CubeIDE_1.14.1/STM32CubeIDE/plugins/com.st.stm32cube.ide.mcu.externaltools.gnu-tools-for-stm32.11.3.rel1.win32_1.1.100.202309141235/tools/bin/../lib/gcc/arm-none-eabi/11.3.1/thumb/v7-m/nofp/crtbegin.o
 *(.bss*)
 .bss.GP_CallBack_Fn
                0x000000002000001c       0x40 ./Inc/STM32F103C6_Drivers/EXTI.o
                0x000000002000001c                GP_CallBack_Fn
 .bss.GP_CallBack_TIM
                0x000000002000005c       0x10 ./Inc/STM32F103C6_Drivers/TIM.o
                0x000000002000005c                GP_CallBack_TIM
 *(COMMON)
                0x000000002000006c                . = ALIGN (0x4)
                0x000000002000006c                _ebss = .
                0x000000002000006c                __bss_end__ = _ebss

._user_heap_stack
                0x000000002000006c      0x604 load address 0x0000000008000678
                0x0000000020000070                . = ALIGN (0x8)
 *fill*         0x000000002000006c        0x4 
                [!provide]                        PROVIDE (end = .)
                0x0000000020000070                PROVIDE (_end = .)
                0x0000000020000270                . = (. + _Min_Heap_Size)
 *fill*         0x0000000020000070      0x200 
                0x0000000020000670                . = (. + _Min_Stack_Size)
 *fill*         0x0000000020000270      0x400 
                0x0000000020000670                . = ALIGN (0x8)

/DISCARD/
 libc.a(*)
 libm.a(*)
 libgcc.a(*)

.ARM.attributes
                0x0000000000000000       0x29
 *(.ARM.attributes)
 .ARM.attributes
                0x0000000000000000       0x1d C:/ST/STM32CubeIDE_1.14.1/STM32CubeIDE/plugins/com.st.stm32cube.ide.mcu.externaltools.gnu-tools-for-stm32.11.3.rel1.win32_1.1.100.202309141235/tools/bin/../lib/gcc/arm-none-eabi/11.3.1/thumb/v7-m/nofp/crti.o
 .ARM.attributes
                0x000000000000001d       0x2d C:/ST/STM32CubeIDE_1.14.1/STM32CubeIDE/plugins/com.st.stm32cube.ide.mcu.externaltools.gnu-tools-for-stm32.11.3.rel1.win32_1.1.100.202309141235/tools/bin/../lib/gcc/arm-none-eabi/11.3.1/thumb/v7-m/nofp/crtbegin.o
 .ARM.attributes
                0x000000000000004a       0x2d ./Inc/STM32F103C6_Drivers/EXTI.o
 .ARM.attributes
                0x0000000000000077       0x2d ./Inc/STM32F103C6_Drivers/GPIO.o
 .ARM.attributes
                0x00000000000000a4       0x2d ./Inc/STM32F103C6_Drivers/TIM.o
 .ARM.attributes
                0x00000000000000d1       0x2d ./Src/main.o
 .ARM.attributes
                0x00000000000000fe       0x21 ./Startup/startup_stm32f103c8tx.o
 .ARM.attributes
                0x000000000000011f       0x2d C:/ST/STM32CubeIDE_1.14.1/STM32CubeIDE/plugins/com.st.stm32cube.ide.mcu.externaltools.gnu-tools-for-stm32.11.3.rel1.win32_1.1.100.202309141235/tools/bin/../lib/gcc/arm-none-eabi/11.3.1/../../../../arm-none-eabi/lib/thumb/v7-m/nofp\libc_nano.a(libc_a-init.o)
 .ARM.attributes
                0x000000000000014c       0x1d C:/ST/STM32CubeIDE_1.14.1/STM32CubeIDE/plugins/com.st.stm32cube.ide.mcu.externaltools.gnu-tools-for-stm32.11.3.rel1.win32_1.1.100.202309141235/tools/bin/../lib/gcc/arm-none-eabi/11.3.1/thumb/v7-m/nofp/crtn.o
OUTPUT(BLUE_BILL.elf elf32-littlearm)
LOAD linker stubs
LOAD C:/ST/STM32CubeIDE_1.14.1/STM32CubeIDE/plugins/com.st.stm32cube.ide.mcu.externaltools.gnu-tools-for-stm32.11.3.rel1.win32_1.1.100.202309141235/tools/bin/../lib/gcc/arm-none-eabi/11.3.1/../../../../arm-none-eabi/lib/thumb/v7-m/nofp\libc.a
LOAD C:/ST/STM32CubeIDE_1.14.1/STM32CubeIDE/plugins/com.st.stm32cube.ide.mcu.externaltools.gnu-tools-for-stm32.11.3.rel1.win32_1.1.100.202309141235/tools/bin/../lib/gcc/arm-none-eabi/11.3.1/../../../../arm-none-eabi/lib/thumb/v7-m/nofp\libm.a
LOAD C:/ST/STM32CubeIDE_1.14.1/STM32CubeIDE/plugins/com.st.stm32cube.ide.mcu.externaltools.gnu-tools-for-stm32.11.3.rel1.win32_1.1.100.202309141235/tools/bin/../lib/gcc/arm-none-eabi/11.3.1/thumb/v7-m/nofp\libgcc.a

.comment        0x0000000000000000       0x43
 .comment       0x0000000000000000       0x43 C:/ST/STM32CubeIDE_1.14.1/STM32CubeIDE/plugins/com.st.stm32cube.ide.mcu.externaltools.gnu-tools-for-stm32.11.3.rel1.win32_1.1.100.202309141235/tools/bin/../lib/gcc/arm-none-eabi/11.3.1/thumb/v7-m/nofp/crtbegin.o
                                         0x44 (size before relaxing)
 .comment       0x0000000000000043       0x44 ./Inc/STM32F103C6_Drivers/EXTI.o
 .comment       0x0000000000000043       0x44 ./Inc/STM32F103C6_Drivers/GPIO.o
 .comment       0x0000000000000043       0x44 ./Inc/STM32F103C6_Drivers/TIM.o
 .comment       0x0000000000000043       0x44 ./Src/main.o

.debug_info     0x0000000000000000     0x184f
 .debug_info    0x0000000000000000      0x4f7 ./Inc/STM32F103C6_Drivers/EXTI.o
 .debug_info    0x00000000000004f7      0x481 ./Inc/STM32F103C6_Drivers/GPIO.o
 .debug_info    0x0000000000000978      0x7ee ./Inc/STM32F103C6_Drivers/TIM.o
 .debug_info    0x0000000000001166      0x6c7 ./Src/main.o
 .debug_info    0x000000000000182d       0x22 ./Startup/startup_stm32f103c8tx.o

.debug_abbrev   0x0000000000000000      0x67f
 .debug_abbrev  0x0000000000000000      0x17e ./Inc/STM32F103C6_Drivers/EXTI.o
 .debug_abbrev  0x000000000000017e      0x16f ./Inc/STM32F103C6_Drivers/GPIO.o
 .debug_abbrev  0x00000000000002ed      0x1e0 ./Inc/STM32F103C6_Drivers/TIM.o
 .debug_abbrev  0x00000000000004cd      0x1a0 ./Src/main.o
 .debug_abbrev  0x000000000000066d       0x12 ./Startup/startup_stm32f103c8tx.o

.debug_loc      0x0000000000000000      0xe36
 .debug_loc     0x0000000000000000      0x320 ./Inc/STM32F103C6_Drivers/EXTI.o
 .debug_loc     0x0000000000000320      0x330 ./Inc/STM32F103C6_Drivers/GPIO.o
 .debug_loc     0x0000000000000650      0x5d4 ./Inc/STM32F103C6_Drivers/TIM.o
 .debug_loc     0x0000000000000c24      0x212 ./Src/main.o

.debug_aranges  0x0000000000000000      0x220
 .debug_aranges
                0x0000000000000000       0x80 ./Inc/STM32F103C6_Drivers/EXTI.o
 .debug_aranges
                0x0000000000000080       0x60 ./Inc/STM32F103C6_Drivers/GPIO.o
 .debug_aranges
                0x00000000000000e0       0xb8 ./Inc/STM32F103C6_Drivers/TIM.o
 .debug_aranges
                0x0000000000000198       0x60 ./Src/main.o
 .debug_aranges
                0x00000000000001f8       0x28 ./Startup/startup_stm32f103c8tx.o

.debug_ranges   0x0000000000000000      0x1d8
 .debug_ranges  0x0000000000000000       0x70 ./Inc/STM32F103C6_Drivers/EXTI.o
 .debug_ranges  0x0000000000000070       0x50 ./Inc/STM32F103C6_Drivers/GPIO.o
 .debug_ranges  0x00000000000000c0       0xa8 ./Inc/STM32F103C6_Drivers/TIM.o
 .debug_ranges  0x0000000000000168       0x50 ./Src/main.o
 .debug_ranges  0x00000000000001b8       0x20 ./Startup/startup_stm32f103c8tx.o

.debug_macro    0x0000000000000000     0x139b
 .debug_macro   0x0000000000000000       0x70 ./Inc/STM32F103C6_Drivers/EXTI.o
 .debug_macro   0x0000000000000070      0xaa2 ./Inc/STM32F103C6_Drivers/EXTI.o
 .debug_macro   0x0000000000000b12       0x22 ./Inc/STM32F103C6_Drivers/EXTI.o
 .debug_macro   0x0000000000000b34       0x2e ./Inc/STM32F103C6_Drivers/EXTI.o
 .debug_macro   0x0000000000000b62       0xb8 ./Inc/STM32F103C6_Drivers/EXTI.o
 .debug_macro   0x0000000000000c1a       0xee ./Inc/STM32F103C6_Drivers/EXTI.o
 .debug_macro   0x0000000000000d08      0x114 ./Inc/STM32F103C6_Drivers/EXTI.o
 .debug_macro   0x0000000000000e1c       0xdc ./Inc/STM32F103C6_Drivers/EXTI.o
 .debug_macro   0x0000000000000ef8      0x226 ./Inc/STM32F103C6_Drivers/EXTI.o
 .debug_macro   0x000000000000111e       0x59 ./Inc/STM32F103C6_Drivers/GPIO.o
 .debug_macro   0x0000000000001177       0xd6 ./Inc/STM32F103C6_Drivers/GPIO.o
 .debug_macro   0x000000000000124d       0x54 ./Inc/STM32F103C6_Drivers/TIM.o
 .debug_macro   0x00000000000012a1       0xfa ./Src/main.o

.debug_line     0x0000000000000000     0x139d
 .debug_line    0x0000000000000000      0x5ab ./Inc/STM32F103C6_Drivers/EXTI.o
 .debug_line    0x00000000000005ab      0x40a ./Inc/STM32F103C6_Drivers/GPIO.o
 .debug_line    0x00000000000009b5      0x49d ./Inc/STM32F103C6_Drivers/TIM.o
 .debug_line    0x0000000000000e52      0x4c7 ./Src/main.o
 .debug_line    0x0000000000001319       0x84 ./Startup/startup_stm32f103c8tx.o

.debug_str      0x0000000000000000     0x5fab
 .debug_str     0x0000000000000000     0x5ac0 ./Inc/STM32F103C6_Drivers/EXTI.o
                                       0x5b26 (size before relaxing)
 .debug_str     0x0000000000005ac0      0x12c ./Inc/STM32F103C6_Drivers/GPIO.o
                                       0x4672 (size before relaxing)
 .debug_str     0x0000000000005bec      0x1ec ./Inc/STM32F103C6_Drivers/TIM.o
                                       0x42a6 (size before relaxing)
 .debug_str     0x0000000000005dd8      0x1a4 ./Src/main.o
                                       0x5bf9 (size before relaxing)
 .debug_str     0x0000000000005f7c       0x2f ./Startup/startup_stm32f103c8tx.o
                                         0x45 (size before relaxing)

.debug_frame    0x0000000000000000      0x750
 .debug_frame   0x0000000000000000      0x1b0 ./Inc/STM32F103C6_Drivers/EXTI.o
 .debug_frame   0x00000000000001b0      0x178 ./Inc/STM32F103C6_Drivers/GPIO.o
 .debug_frame   0x0000000000000328      0x2cc ./Inc/STM32F103C6_Drivers/TIM.o
 .debug_frame   0x00000000000005f4      0x130 ./Src/main.o
 .debug_frame   0x0000000000000724       0x2c C:/ST/STM32CubeIDE_1.14.1/STM32CubeIDE/plugins/com.st.stm32cube.ide.mcu.externaltools.gnu-tools-for-stm32.11.3.rel1.win32_1.1.100.202309141235/tools/bin/../lib/gcc/arm-none-eabi/11.3.1/../../../../arm-none-eabi/lib/thumb/v7-m/nofp\libc_nano.a(libc_a-init.o)
